// Jest Snapshot v1, https://goo.gl/fbAQLP

exports[`should render editexpense page  1`] = `
<div>
  <div
    className="totalexpense-header"
  >
    <div
      className="content-container"
    >
      <h1
        className="totalexpense-content__title"
      >
        Edit Expense
      </h1>
    </div>
  </div>
  <div
    className="content-container"
  >
    <ExpenseForm
      editData={
        Object {
          "amount": 1200,
          "createdAt": 1000,
          "description": "Test with form data",
          "id": "one",
          "note": "Alsaad test",
        }
      }
      onSubmit={[Function]}
    />
    <button
      className="button remove-button--modifier"
      onClick={[Function]}
    >
      Remove Expense
    </button>
  </div>
</div>
`;
